exports[`test renders correctly 1`] = `
<div>
  <button
    className="czOWQi"
    onClick={null}>
    ğŸ‘†
  </button>
  <button
    className="czOWQi"
    onClick={null}>
    ğŸ‘‡
  </button>
  <button
    className="czOWQi"
    onClick={null}>
    ğŸ‘‹
  </button>
  <button
    className="czOWQi"
    onClick={null}>
    ğŸ‘€
  </button>
</div>
`;
