exports[`test renders correctly 1`] = `
<textarea
  className="kEAiXh"
  defaultValue=""
  onChange={[Function]} />
`;
